<?xml version="1.0"?>
<link_info>
   <banner>MSP430 Linker PC v4.3.3</banner>
   <copyright>Copyright (c) 2003-2014 Texas Instruments Incorporated</copyright>
   <link_time>0x572cfd87</link_time>
   <link_errors>0x0</link_errors>
   <output_file>Solar_LED_FR5739.out</output_file>
   <entry_point>
      <name>_c_int00</name>
      <address>0xe02c</address>
   </entry_point>
   <input_file_list>
      <input_file id="fl-2">
         <path>.\</path>
         <kind>object</kind>
         <file>adc.obj</file>
         <name>adc.obj</name>
      </input_file>
      <input_file id="fl-3">
         <path>.\</path>
         <kind>object</kind>
         <file>eusci_b_i2c.obj</file>
         <name>eusci_b_i2c.obj</name>
      </input_file>
      <input_file id="fl-4">
         <path>.\</path>
         <kind>object</kind>
         <file>main.obj</file>
         <name>main.obj</name>
      </input_file>
      <input_file id="fl-5">
         <path>.\</path>
         <kind>object</kind>
         <file>pwm_Ax_Bx.obj</file>
         <name>pwm_Ax_Bx.obj</name>
      </input_file>
      <input_file id="fl-34">
         <path>c:\ti\ccsv6\tools\compiler\msp430_4.3.3\lib\</path>
         <kind>archive</kind>
         <file>rts430x_lc_sd_eabi.lib</file>
         <name>assert.obj</name>
      </input_file>
      <input_file id="fl-35">
         <path>c:\ti\ccsv6\tools\compiler\msp430_4.3.3\lib\</path>
         <kind>archive</kind>
         <file>rts430x_lc_sd_eabi.lib</file>
         <name>boot.obj</name>
      </input_file>
      <input_file id="fl-36">
         <path>c:\ti\ccsv6\tools\compiler\msp430_4.3.3\lib\</path>
         <kind>archive</kind>
         <file>rts430x_lc_sd_eabi.lib</file>
         <name>copy_decompress_none.obj</name>
      </input_file>
      <input_file id="fl-37">
         <path>c:\ti\ccsv6\tools\compiler\msp430_4.3.3\lib\</path>
         <kind>archive</kind>
         <file>rts430x_lc_sd_eabi.lib</file>
         <name>copy_decompress_rle.obj</name>
      </input_file>
      <input_file id="fl-38">
         <path>c:\ti\ccsv6\tools\compiler\msp430_4.3.3\lib\</path>
         <kind>archive</kind>
         <file>rts430x_lc_sd_eabi.lib</file>
         <name>copy_zero_init.obj</name>
      </input_file>
      <input_file id="fl-39">
         <path>c:\ti\ccsv6\tools\compiler\msp430_4.3.3\lib\</path>
         <kind>archive</kind>
         <file>rts430x_lc_sd_eabi.lib</file>
         <name>cpy_util.obj</name>
      </input_file>
      <input_file id="fl-3a">
         <path>c:\ti\ccsv6\tools\compiler\msp430_4.3.3\lib\</path>
         <kind>archive</kind>
         <file>rts430x_lc_sd_eabi.lib</file>
         <name>defs.obj</name>
      </input_file>
      <input_file id="fl-3b">
         <path>c:\ti\ccsv6\tools\compiler\msp430_4.3.3\lib\</path>
         <kind>archive</kind>
         <file>rts430x_lc_sd_eabi.lib</file>
         <name>div16u.obj</name>
      </input_file>
      <input_file id="fl-3c">
         <path>c:\ti\ccsv6\tools\compiler\msp430_4.3.3\lib\</path>
         <kind>archive</kind>
         <file>rts430x_lc_sd_eabi.lib</file>
         <name>div32u.obj</name>
      </input_file>
      <input_file id="fl-3d">
         <path>c:\ti\ccsv6\tools\compiler\msp430_4.3.3\lib\</path>
         <kind>archive</kind>
         <file>rts430x_lc_sd_eabi.lib</file>
         <name>exit.obj</name>
      </input_file>
      <input_file id="fl-3e">
         <path>c:\ti\ccsv6\tools\compiler\msp430_4.3.3\lib\</path>
         <kind>archive</kind>
         <file>rts430x_lc_sd_eabi.lib</file>
         <name>fflush.obj</name>
      </input_file>
      <input_file id="fl-3f">
         <path>c:\ti\ccsv6\tools\compiler\msp430_4.3.3\lib\</path>
         <kind>archive</kind>
         <file>rts430x_lc_sd_eabi.lib</file>
         <name>fputs.obj</name>
      </input_file>
      <input_file id="fl-40">
         <path>c:\ti\ccsv6\tools\compiler\msp430_4.3.3\lib\</path>
         <kind>archive</kind>
         <file>rts430x_lc_sd_eabi.lib</file>
         <name>int31.obj</name>
      </input_file>
      <input_file id="fl-41">
         <path>c:\ti\ccsv6\tools\compiler\msp430_4.3.3\lib\</path>
         <kind>archive</kind>
         <file>rts430x_lc_sd_eabi.lib</file>
         <name>int32.obj</name>
      </input_file>
      <input_file id="fl-42">
         <path>c:\ti\ccsv6\tools\compiler\msp430_4.3.3\lib\</path>
         <kind>archive</kind>
         <file>rts430x_lc_sd_eabi.lib</file>
         <name>int33.obj</name>
      </input_file>
      <input_file id="fl-43">
         <path>c:\ti\ccsv6\tools\compiler\msp430_4.3.3\lib\</path>
         <kind>archive</kind>
         <file>rts430x_lc_sd_eabi.lib</file>
         <name>int34.obj</name>
      </input_file>
      <input_file id="fl-44">
         <path>c:\ti\ccsv6\tools\compiler\msp430_4.3.3\lib\</path>
         <kind>archive</kind>
         <file>rts430x_lc_sd_eabi.lib</file>
         <name>int35.obj</name>
      </input_file>
      <input_file id="fl-45">
         <path>c:\ti\ccsv6\tools\compiler\msp430_4.3.3\lib\</path>
         <kind>archive</kind>
         <file>rts430x_lc_sd_eabi.lib</file>
         <name>int36.obj</name>
      </input_file>
      <input_file id="fl-46">
         <path>c:\ti\ccsv6\tools\compiler\msp430_4.3.3\lib\</path>
         <kind>archive</kind>
         <file>rts430x_lc_sd_eabi.lib</file>
         <name>int38.obj</name>
      </input_file>
      <input_file id="fl-47">
         <path>c:\ti\ccsv6\tools\compiler\msp430_4.3.3\lib\</path>
         <kind>archive</kind>
         <file>rts430x_lc_sd_eabi.lib</file>
         <name>int39.obj</name>
      </input_file>
      <input_file id="fl-48">
         <path>c:\ti\ccsv6\tools\compiler\msp430_4.3.3\lib\</path>
         <kind>archive</kind>
         <file>rts430x_lc_sd_eabi.lib</file>
         <name>int40.obj</name>
      </input_file>
      <input_file id="fl-49">
         <path>c:\ti\ccsv6\tools\compiler\msp430_4.3.3\lib\</path>
         <kind>archive</kind>
         <file>rts430x_lc_sd_eabi.lib</file>
         <name>int41.obj</name>
      </input_file>
      <input_file id="fl-4a">
         <path>c:\ti\ccsv6\tools\compiler\msp430_4.3.3\lib\</path>
         <kind>archive</kind>
         <file>rts430x_lc_sd_eabi.lib</file>
         <name>int42.obj</name>
      </input_file>
      <input_file id="fl-4b">
         <path>c:\ti\ccsv6\tools\compiler\msp430_4.3.3\lib\</path>
         <kind>archive</kind>
         <file>rts430x_lc_sd_eabi.lib</file>
         <name>int43.obj</name>
      </input_file>
      <input_file id="fl-4c">
         <path>c:\ti\ccsv6\tools\compiler\msp430_4.3.3\lib\</path>
         <kind>archive</kind>
         <file>rts430x_lc_sd_eabi.lib</file>
         <name>int44.obj</name>
      </input_file>
      <input_file id="fl-4d">
         <path>c:\ti\ccsv6\tools\compiler\msp430_4.3.3\lib\</path>
         <kind>archive</kind>
         <file>rts430x_lc_sd_eabi.lib</file>
         <name>int45.obj</name>
      </input_file>
      <input_file id="fl-4e">
         <path>c:\ti\ccsv6\tools\compiler\msp430_4.3.3\lib\</path>
         <kind>archive</kind>
         <file>rts430x_lc_sd_eabi.lib</file>
         <name>int46.obj</name>
      </input_file>
      <input_file id="fl-4f">
         <path>c:\ti\ccsv6\tools\compiler\msp430_4.3.3\lib\</path>
         <kind>archive</kind>
         <file>rts430x_lc_sd_eabi.lib</file>
         <name>int47.obj</name>
      </input_file>
      <input_file id="fl-50">
         <path>c:\ti\ccsv6\tools\compiler\msp430_4.3.3\lib\</path>
         <kind>archive</kind>
         <file>rts430x_lc_sd_eabi.lib</file>
         <name>int48.obj</name>
      </input_file>
      <input_file id="fl-51">
         <path>c:\ti\ccsv6\tools\compiler\msp430_4.3.3\lib\</path>
         <kind>archive</kind>
         <file>rts430x_lc_sd_eabi.lib</file>
         <name>int49.obj</name>
      </input_file>
      <input_file id="fl-52">
         <path>c:\ti\ccsv6\tools\compiler\msp430_4.3.3\lib\</path>
         <kind>archive</kind>
         <file>rts430x_lc_sd_eabi.lib</file>
         <name>int51.obj</name>
      </input_file>
      <input_file id="fl-53">
         <path>c:\ti\ccsv6\tools\compiler\msp430_4.3.3\lib\</path>
         <kind>archive</kind>
         <file>rts430x_lc_sd_eabi.lib</file>
         <name>int52.obj</name>
      </input_file>
      <input_file id="fl-54">
         <path>c:\ti\ccsv6\tools\compiler\msp430_4.3.3\lib\</path>
         <kind>archive</kind>
         <file>rts430x_lc_sd_eabi.lib</file>
         <name>int53.obj</name>
      </input_file>
      <input_file id="fl-55">
         <path>c:\ti\ccsv6\tools\compiler\msp430_4.3.3\lib\</path>
         <kind>archive</kind>
         <file>rts430x_lc_sd_eabi.lib</file>
         <name>int54.obj</name>
      </input_file>
      <input_file id="fl-56">
         <path>c:\ti\ccsv6\tools\compiler\msp430_4.3.3\lib\</path>
         <kind>archive</kind>
         <file>rts430x_lc_sd_eabi.lib</file>
         <name>isr_trap.obj</name>
      </input_file>
      <input_file id="fl-57">
         <path>c:\ti\ccsv6\tools\compiler\msp430_4.3.3\lib\</path>
         <kind>archive</kind>
         <file>rts430x_lc_sd_eabi.lib</file>
         <name>lowlev.obj</name>
      </input_file>
      <input_file id="fl-58">
         <path>c:\ti\ccsv6\tools\compiler\msp430_4.3.3\lib\</path>
         <kind>archive</kind>
         <file>rts430x_lc_sd_eabi.lib</file>
         <name>memchr.obj</name>
      </input_file>
      <input_file id="fl-59">
         <path>c:\ti\ccsv6\tools\compiler\msp430_4.3.3\lib\</path>
         <kind>archive</kind>
         <file>rts430x_lc_sd_eabi.lib</file>
         <name>memcpy.obj</name>
      </input_file>
      <input_file id="fl-5a">
         <path>c:\ti\ccsv6\tools\compiler\msp430_4.3.3\lib\</path>
         <kind>archive</kind>
         <file>rts430x_lc_sd_eabi.lib</file>
         <name>mpu_init.obj</name>
      </input_file>
      <input_file id="fl-5b">
         <path>c:\ti\ccsv6\tools\compiler\msp430_4.3.3\lib\</path>
         <kind>archive</kind>
         <file>rts430x_lc_sd_eabi.lib</file>
         <name>mult16_f5hw.obj</name>
      </input_file>
      <input_file id="fl-5c">
         <path>c:\ti\ccsv6\tools\compiler\msp430_4.3.3\lib\</path>
         <kind>archive</kind>
         <file>rts430x_lc_sd_eabi.lib</file>
         <name>mult32_f5hw.obj</name>
      </input_file>
      <input_file id="fl-5d">
         <path>c:\ti\ccsv6\tools\compiler\msp430_4.3.3\lib\</path>
         <kind>archive</kind>
         <file>rts430x_lc_sd_eabi.lib</file>
         <name>pre_init.obj</name>
      </input_file>
      <input_file id="fl-5e">
         <path>c:\ti\ccsv6\tools\compiler\msp430_4.3.3\lib\</path>
         <kind>archive</kind>
         <file>rts430x_lc_sd_eabi.lib</file>
         <name>strchr.obj</name>
      </input_file>
      <input_file id="fl-5f">
         <path>c:\ti\ccsv6\tools\compiler\msp430_4.3.3\lib\</path>
         <kind>archive</kind>
         <file>rts430x_lc_sd_eabi.lib</file>
         <name>strcmp.obj</name>
      </input_file>
      <input_file id="fl-60">
         <path>c:\ti\ccsv6\tools\compiler\msp430_4.3.3\lib\</path>
         <kind>archive</kind>
         <file>rts430x_lc_sd_eabi.lib</file>
         <name>strlen.obj</name>
      </input_file>
      <input_file id="fl-61">
         <path>c:\ti\ccsv6\tools\compiler\msp430_4.3.3\lib\</path>
         <kind>archive</kind>
         <file>rts430x_lc_sd_eabi.lib</file>
         <name>strncpy.obj</name>
      </input_file>
      <input_file id="fl-62">
         <path>c:\ti\ccsv6\tools\compiler\msp430_4.3.3\lib\</path>
         <kind>archive</kind>
         <file>rts430x_lc_sd_eabi.lib</file>
         <name>trgdrv.obj</name>
      </input_file>
      <input_file id="fl-63">
         <path>c:\ti\ccsv6\tools\compiler\msp430_4.3.3\lib\</path>
         <kind>archive</kind>
         <file>rts430x_lc_sd_eabi.lib</file>
         <name>trgmsg.obj</name>
      </input_file>
      <input_file id="fl-64">
         <path>c:\ti\ccsv6\tools\compiler\msp430_4.3.3\lib\</path>
         <kind>archive</kind>
         <file>rts430x_lc_sd_eabi.lib</file>
         <name>_io_perm.obj</name>
      </input_file>
      <input_file id="fl-65">
         <path>c:\ti\ccsv6\tools\compiler\msp430_4.3.3\lib\</path>
         <kind>archive</kind>
         <file>rts430x_lc_sd_eabi.lib</file>
         <name>_lock.obj</name>
      </input_file>
      <input_file id="fl-66">
         <path>c:\ti\ccsv6\tools\compiler\msp430_4.3.3\lib\</path>
         <kind>archive</kind>
         <file>rts430x_lc_sd_eabi.lib</file>
         <name>args_main.obj</name>
      </input_file>
      <input_file id="fl-67">
         <path>c:\ti\ccsv6\tools\compiler\msp430_4.3.3\lib\</path>
         <kind>archive</kind>
         <file>rts430x_lc_sd_eabi.lib</file>
         <name>autoinit.obj</name>
      </input_file>
      <input_file id="fl-68">
         <path>c:\ti\ccsv6\tools\compiler\msp430_4.3.3\lib\</path>
         <kind>archive</kind>
         <file>rts430x_lc_sd_eabi.lib</file>
         <name>fseek.obj</name>
      </input_file>
      <input_file id="fl-69">
         <path>c:\ti\ccsv6\tools\compiler\msp430_4.3.3\lib\</path>
         <kind>archive</kind>
         <file>rts430x_lc_sd_eabi.lib</file>
         <name>lsl32.obj</name>
      </input_file>
      <input_file id="fl-6a">
         <path>c:\ti\ccsv6\tools\compiler\msp430_4.3.3\lib\</path>
         <kind>archive</kind>
         <file>rts430x_lc_sd_eabi.lib</file>
         <name>lsr32.obj</name>
      </input_file>
      <input_file id="fl-6b">
         <path>c:\ti\ccsv6\tools\compiler\msp430_4.3.3\lib\</path>
         <kind>archive</kind>
         <file>rts430x_lc_sd_eabi.lib</file>
         <name>setvbuf.obj</name>
      </input_file>
      <input_file id="fl-6c">
         <path>c:\ti\ccsv6\tools\compiler\msp430_4.3.3\lib\</path>
         <kind>archive</kind>
         <file>rts430x_lc_sd_eabi.lib</file>
         <name>strcpy.obj</name>
      </input_file>
      <input_file id="fl-6d">
         <path>c:\ti\ccsv6\tools\compiler\msp430_4.3.3\lib\</path>
         <kind>archive</kind>
         <file>rts430x_lc_sd_eabi.lib</file>
         <name>fopen.obj</name>
      </input_file>
      <input_file id="fl-6e">
         <path>c:\ti\ccsv6\tools\compiler\msp430_4.3.3\lib\</path>
         <kind>archive</kind>
         <file>rts430x_lc_sd_eabi.lib</file>
         <name>memory.obj</name>
      </input_file>
      <input_file id="fl-6f">
         <path>c:\ti\ccsv6\tools\compiler\msp430_4.3.3\lib\</path>
         <kind>archive</kind>
         <file>rts430x_lc_sd_eabi.lib</file>
         <name>memset.obj</name>
      </input_file>
      <input_file id="fl-70">
         <path>c:\ti\ccsv6\tools\compiler\msp430_4.3.3\lib\</path>
         <kind>archive</kind>
         <file>rts430x_lc_sd_eabi.lib</file>
         <name>fclose.obj</name>
      </input_file>
      <input_file id="fl-71">
         <path>c:\ti\ccsv6\tools\compiler\msp430_4.3.3\lib\</path>
         <kind>archive</kind>
         <file>rts430x_lc_sd_eabi.lib</file>
         <name>remove.obj</name>
      </input_file>
   </input_file_list>
   <object_component_list>
      <object_component id="oc-3a8">
         <name>.cio</name>
         <load_address>0xc200</load_address>
         <run_address>0xc200</run_address>
         <size>0x120</size>
         <input_file_ref idref="fl-63"/>
      </object_component>
      <object_component id="oc-9d">
         <name>.sysmem</name>
         <load_address>0xc320</load_address>
         <run_address>0xc320</run_address>
         <size>0x4</size>
         <input_file_ref idref="fl-6e"/>
      </object_component>
      <object_component id="oc-43f">
         <name>.sysmem</name>
         <load_address>0xc320</load_address>
         <run_address>0xc320</run_address>
         <size>0x0</size>
      </object_component>
      <object_component id="oc-43d">
         <name>.cinit..data.load</name>
         <load_address>0xc400</load_address>
         <run_address>0xc400</run_address>
         <size>0x12a</size>
      </object_component>
      <object_component id="oc-439">
         <name>__TI_handler_table</name>
         <load_address>0xc52c</load_address>
         <run_address>0xc52c</run_address>
         <size>0xc</size>
      </object_component>
      <object_component id="oc-43c">
         <name>.cinit..bss.load</name>
         <load_address>0xc538</load_address>
         <run_address>0xc538</run_address>
         <size>0x6</size>
      </object_component>
      <object_component id="oc-43b">
         <name>.cinit..cio.load</name>
         <load_address>0xc53e</load_address>
         <run_address>0xc53e</run_address>
         <size>0x6</size>
      </object_component>
      <object_component id="oc-43a">
         <name>__TI_cinit_table</name>
         <load_address>0xc544</load_address>
         <run_address>0xc544</run_address>
         <size>0x18</size>
      </object_component>
      <object_component id="oc-1d7">
         <name>.const:.string</name>
         <load_address>0xc55c</load_address>
         <run_address>0xc55c</run_address>
         <size>0x690</size>
         <input_file_ref idref="fl-3"/>
      </object_component>
      <object_component id="oc-a5">
         <name>.text:_isr:led_update</name>
         <load_address>0xcc00</load_address>
         <run_address>0xcc00</run_address>
         <size>0x1dc</size>
         <input_file_ref idref="fl-4"/>
      </object_component>
      <object_component id="oc-b7">
         <name>.text:main</name>
         <load_address>0xcddc</load_address>
         <run_address>0xcddc</run_address>
         <size>0x178</size>
         <input_file_ref idref="fl-4"/>
      </object_component>
      <object_component id="oc-22a">
         <name>.text:fputs</name>
         <load_address>0xcf54</load_address>
         <run_address>0xcf54</run_address>
         <size>0xde</size>
         <input_file_ref idref="fl-3f"/>
      </object_component>
      <object_component id="oc-dd">
         <name>.text:__TI_decompress_rle_core</name>
         <load_address>0xd032</load_address>
         <run_address>0xd032</run_address>
         <size>0xd8</size>
         <input_file_ref idref="fl-37"/>
      </object_component>
      <object_component id="oc-289">
         <name>.text:setvbuf</name>
         <load_address>0xd10a</load_address>
         <run_address>0xd10a</run_address>
         <size>0xcc</size>
         <input_file_ref idref="fl-6b"/>
      </object_component>
      <object_component id="oc-2b2">
         <name>.text:malloc</name>
         <load_address>0xd1d6</load_address>
         <run_address>0xd1d6</run_address>
         <size>0xac</size>
         <input_file_ref idref="fl-6e"/>
      </object_component>
      <object_component id="oc-18e">
         <name>.text:calcBatLevel</name>
         <load_address>0xd282</load_address>
         <run_address>0xd282</run_address>
         <size>0xa4</size>
         <input_file_ref idref="fl-4"/>
      </object_component>
      <object_component id="oc-138">
         <name>.text:EUSCI_B_I2C_masterInit</name>
         <load_address>0xd326</load_address>
         <run_address>0xd326</run_address>
         <size>0x92</size>
         <input_file_ref idref="fl-3"/>
      </object_component>
      <object_component id="oc-318">
         <name>.text:HOSTlseek</name>
         <load_address>0xd3b8</load_address>
         <run_address>0xd3b8</run_address>
         <size>0x86</size>
         <input_file_ref idref="fl-62"/>
      </object_component>
      <object_component id="oc-b1">
         <name>.text:_auto_init_hold_wdt</name>
         <load_address>0xd43e</load_address>
         <run_address>0xd43e</run_address>
         <size>0x84</size>
         <input_file_ref idref="fl-67"/>
      </object_component>
      <object_component id="oc-2ac">
         <name>.text:free</name>
         <load_address>0xd4c2</load_address>
         <run_address>0xd4c2</run_address>
         <size>0x80</size>
         <input_file_ref idref="fl-6e"/>
      </object_component>
      <object_component id="oc-249">
         <name>.text:__TI_wrt_ok</name>
         <load_address>0xd542</load_address>
         <run_address>0xd542</run_address>
         <size>0x7a</size>
         <input_file_ref idref="fl-64"/>
      </object_component>
      <object_component id="oc-c4">
         <name>.text:_isr:switch_press</name>
         <load_address>0xd5bc</load_address>
         <run_address>0xd5bc</run_address>
         <size>0x70</size>
         <input_file_ref idref="fl-4"/>
      </object_component>
      <object_component id="oc-194">
         <name>.text:update_IO</name>
         <load_address>0xd62c</load_address>
         <run_address>0xd62c</run_address>
         <size>0x6c</size>
         <input_file_ref idref="fl-4"/>
      </object_component>
      <object_component id="oc-324">
         <name>.text:HOSTrename</name>
         <load_address>0xd698</load_address>
         <run_address>0xd698</run_address>
         <size>0x6a</size>
         <input_file_ref idref="fl-62"/>
      </object_component>
      <object_component id="oc-283">
         <name>.text:fseek</name>
         <load_address>0xd702</load_address>
         <run_address>0xd702</run_address>
         <size>0x6a</size>
         <input_file_ref idref="fl-68"/>
      </object_component>
      <object_component id="oc-2f7">
         <name>.text:__TI_closefile</name>
         <load_address>0xd76c</load_address>
         <run_address>0xd76c</run_address>
         <size>0x68</size>
         <input_file_ref idref="fl-70"/>
      </object_component>
      <object_component id="oc-300">
         <name>.text:HOSTopen</name>
         <load_address>0xd7d4</load_address>
         <run_address>0xd7d4</run_address>
         <size>0x62</size>
         <input_file_ref idref="fl-62"/>
      </object_component>
      <object_component id="oc-261">
         <name>.text:__TI_doflush</name>
         <load_address>0xd836</load_address>
         <run_address>0xd836</run_address>
         <size>0x62</size>
         <input_file_ref idref="fl-3e"/>
      </object_component>
      <object_component id="oc-312">
         <name>.text:HOSTwrite</name>
         <load_address>0xd898</load_address>
         <run_address>0xd898</run_address>
         <size>0x5e</size>
         <input_file_ref idref="fl-62"/>
      </object_component>
      <object_component id="oc-30c">
         <name>.text:HOSTread</name>
         <load_address>0xd8f6</load_address>
         <run_address>0xd8f6</run_address>
         <size>0x5c</size>
         <input_file_ref idref="fl-62"/>
      </object_component>
      <object_component id="oc-1de">
         <name>.text</name>
         <load_address>0xd952</load_address>
         <run_address>0xd952</run_address>
         <size>0x58</size>
         <input_file_ref idref="fl-3c"/>
      </object_component>
      <object_component id="oc-230">
         <name>.text:fflush</name>
         <load_address>0xd9aa</load_address>
         <run_address>0xd9aa</run_address>
         <size>0x54</size>
         <input_file_ref idref="fl-3e"/>
      </object_component>
      <object_component id="oc-39d">
         <name>.text:getdevice</name>
         <load_address>0xd9fe</load_address>
         <run_address>0xd9fe</run_address>
         <size>0x54</size>
         <input_file_ref idref="fl-57"/>
      </object_component>
      <object_component id="oc-334">
         <name>.text:close</name>
         <load_address>0xda52</load_address>
         <run_address>0xda52</run_address>
         <size>0x4a</size>
         <input_file_ref idref="fl-57"/>
      </object_component>
      <object_component id="oc-306">
         <name>.text:HOSTclose</name>
         <load_address>0xda9c</load_address>
         <run_address>0xda9c</run_address>
         <size>0x44</size>
         <input_file_ref idref="fl-62"/>
      </object_component>
      <object_component id="oc-31e">
         <name>.text:HOSTunlink</name>
         <load_address>0xdae0</load_address>
         <run_address>0xdae0</run_address>
         <size>0x42</size>
         <input_file_ref idref="fl-62"/>
      </object_component>
      <object_component id="oc-ca">
         <name>.text:__memcpy_far</name>
         <load_address>0xdb22</load_address>
         <run_address>0xdb22</run_address>
         <size>0x40</size>
         <input_file_ref idref="fl-39"/>
      </object_component>
      <object_component id="oc-8d">
         <name>.text:decompress:ZI:__TI_zero_init</name>
         <load_address>0xdb62</load_address>
         <run_address>0xdb62</run_address>
         <size>0x3e</size>
         <input_file_ref idref="fl-38"/>
      </object_component>
      <object_component id="oc-383">
         <name>.text:l_lsl_const</name>
         <load_address>0xdba0</load_address>
         <run_address>0xdba0</run_address>
         <size>0x3e</size>
         <input_file_ref idref="fl-69"/>
      </object_component>
      <object_component id="oc-376">
         <name>.text:l_lsr_const</name>
         <load_address>0xdbde</load_address>
         <run_address>0xdbde</run_address>
         <size>0x3e</size>
         <input_file_ref idref="fl-6a"/>
      </object_component>
      <object_component id="oc-87">
         <name>.text:decompress:none:__TI_decompress_none</name>
         <load_address>0xdc1c</load_address>
         <run_address>0xdc1c</run_address>
         <size>0x3c</size>
         <input_file_ref idref="fl-36"/>
      </object_component>
      <object_component id="oc-2ed">
         <name>.text:minit</name>
         <load_address>0xdc58</load_address>
         <run_address>0xdc58</run_address>
         <size>0x38</size>
         <input_file_ref idref="fl-6e"/>
      </object_component>
      <object_component id="oc-2b8">
         <name>.text:__TI_cleanup</name>
         <load_address>0xdc90</load_address>
         <run_address>0xdc90</run_address>
         <size>0x32</size>
         <input_file_ref idref="fl-6d"/>
      </object_component>
      <object_component id="oc-15c">
         <name>.text:initPWMA0</name>
         <load_address>0xdcc2</load_address>
         <run_address>0xdcc2</run_address>
         <size>0x32</size>
         <input_file_ref idref="fl-5"/>
      </object_component>
      <object_component id="oc-162">
         <name>.text:initPWMA1</name>
         <load_address>0xdcf4</load_address>
         <run_address>0xdcf4</run_address>
         <size>0x32</size>
         <input_file_ref idref="fl-5"/>
      </object_component>
      <object_component id="oc-168">
         <name>.text:initPWMB2</name>
         <load_address>0xdd26</load_address>
         <run_address>0xdd26</run_address>
         <size>0x32</size>
         <input_file_ref idref="fl-5"/>
      </object_component>
      <object_component id="oc-34a">
         <name>.text:__TI_writemsg</name>
         <load_address>0xdd58</load_address>
         <run_address>0xdd58</run_address>
         <size>0x2e</size>
         <input_file_ref idref="fl-63"/>
      </object_component>
      <object_component id="oc-bd">
         <name>.text:exit</name>
         <load_address>0xdd86</load_address>
         <run_address>0xdd86</run_address>
         <size>0x2e</size>
         <input_file_ref idref="fl-3d"/>
      </object_component>
      <object_component id="oc-3be">
         <name>.text:finddevice</name>
         <load_address>0xddb4</load_address>
         <run_address>0xddb4</run_address>
         <size>0x2e</size>
         <input_file_ref idref="fl-57"/>
      </object_component>
      <object_component id="oc-12c">
         <name>.text:initADC</name>
         <load_address>0xdde2</load_address>
         <run_address>0xdde2</run_address>
         <size>0x2e</size>
         <input_file_ref idref="fl-2"/>
      </object_component>
      <object_component id="oc-150">
         <name>.text:EUSCI_B_I2C_masterMultiByteSendStart</name>
         <load_address>0xde10</load_address>
         <run_address>0xde10</run_address>
         <size>0x2c</size>
         <input_file_ref idref="fl-3"/>
      </object_component>
      <object_component id="oc-351">
         <name>.text:__TI_readmsg</name>
         <load_address>0xde3c</load_address>
         <run_address>0xde3c</run_address>
         <size>0x2c</size>
         <input_file_ref idref="fl-63"/>
      </object_component>
      <object_component id="oc-3b8">
         <name>.text:strncpy</name>
         <load_address>0xde68</load_address>
         <run_address>0xde68</run_address>
         <size>0x2c</size>
         <input_file_ref idref="fl-61"/>
      </object_component>
      <object_component id="oc-33b">
         <name>.text:unlink</name>
         <load_address>0xde94</load_address>
         <run_address>0xde94</run_address>
         <size>0x2a</size>
         <input_file_ref idref="fl-57"/>
      </object_component>
      <object_component id="oc-23b">
         <name>.text:getVADC</name>
         <load_address>0xdebe</load_address>
         <run_address>0xdebe</run_address>
         <size>0x28</size>
         <input_file_ref idref="fl-2"/>
      </object_component>
      <object_component id="oc-120">
         <name>.text:initClock</name>
         <load_address>0xdee6</load_address>
         <run_address>0xdee6</run_address>
         <size>0x28</size>
         <input_file_ref idref="fl-4"/>
      </object_component>
      <object_component id="oc-2a4">
         <name>.text:lseek</name>
         <load_address>0xdf0e</load_address>
         <run_address>0xdf0e</run_address>
         <size>0x26</size>
         <input_file_ref idref="fl-57"/>
      </object_component>
      <object_component id="oc-126">
         <name>.text:initCCPB0</name>
         <load_address>0xdf34</load_address>
         <run_address>0xdf34</run_address>
         <size>0x24</size>
         <input_file_ref idref="fl-4"/>
      </object_component>
      <object_component id="oc-174">
         <name>.text:setPWMA0</name>
         <load_address>0xdf58</load_address>
         <run_address>0xdf58</run_address>
         <size>0x24</size>
         <input_file_ref idref="fl-5"/>
      </object_component>
      <object_component id="oc-16e">
         <name>.text:setPWMA1</name>
         <load_address>0xdf7c</load_address>
         <run_address>0xdf7c</run_address>
         <size>0x24</size>
         <input_file_ref idref="fl-5"/>
      </object_component>
      <object_component id="oc-17a">
         <name>.text:setPWMB2</name>
         <load_address>0xdfa0</load_address>
         <run_address>0xdfa0</run_address>
         <size>0x24</size>
         <input_file_ref idref="fl-5"/>
      </object_component>
      <object_component id="oc-267">
         <name>.text:write</name>
         <load_address>0xdfc4</load_address>
         <run_address>0xdfc4</run_address>
         <size>0x24</size>
         <input_file_ref idref="fl-57"/>
      </object_component>
      <object_component id="oc-144">
         <name>.text:EUSCI_B_I2C_setMode</name>
         <load_address>0xdfe8</load_address>
         <run_address>0xdfe8</run_address>
         <size>0x22</size>
         <input_file_ref idref="fl-3"/>
      </object_component>
      <object_component id="oc-27b">
         <name>.text</name>
         <load_address>0xe00a</load_address>
         <run_address>0xe00a</run_address>
         <size>0x22</size>
         <input_file_ref idref="fl-5c"/>
      </object_component>
      <object_component id="oc-7c">
         <name>.text:_isr:_c_int00_noargs</name>
         <load_address>0xe02c</load_address>
         <run_address>0xe02c</run_address>
         <size>0x1c</size>
         <input_file_ref idref="fl-35"/>
      </object_component>
      <object_component id="oc-156">
         <name>.text:EUSCI_B_I2C_masterMultiByteSendFinish</name>
         <load_address>0xe048</load_address>
         <run_address>0xe048</run_address>
         <size>0x1a</size>
         <input_file_ref idref="fl-3"/>
      </object_component>
      <object_component id="oc-1d8">
         <name>.text:_abort_msg</name>
         <load_address>0xe062</load_address>
         <run_address>0xe062</run_address>
         <size>0x1a</size>
         <input_file_ref idref="fl-34"/>
      </object_component>
      <object_component id="oc-1f9">
         <name>.text:getVBAT</name>
         <load_address>0xe07c</load_address>
         <run_address>0xe07c</run_address>
         <size>0x1a</size>
         <input_file_ref idref="fl-2"/>
      </object_component>
      <object_component id="oc-3b2">
         <name>.text:strchr</name>
         <load_address>0xe096</load_address>
         <run_address>0xe096</run_address>
         <size>0x18</size>
         <input_file_ref idref="fl-5e"/>
      </object_component>
      <object_component id="oc-3cf">
         <name>.text:strcmp</name>
         <load_address>0xe0ae</load_address>
         <run_address>0xe0ae</run_address>
         <size>0x18</size>
         <input_file_ref idref="fl-5f"/>
      </object_component>
      <object_component id="oc-1f1">
         <name>.text</name>
         <load_address>0xe0c6</load_address>
         <run_address>0xe0c6</run_address>
         <size>0x16</size>
         <input_file_ref idref="fl-3b"/>
      </object_component>
      <object_component id="oc-1ec">
         <name>.text</name>
         <load_address>0xe0dc</load_address>
         <run_address>0xe0dc</run_address>
         <size>0x16</size>
         <input_file_ref idref="fl-5b"/>
      </object_component>
      <object_component id="oc-255">
         <name>.text:memchr</name>
         <load_address>0xe0f2</load_address>
         <run_address>0xe0f2</run_address>
         <size>0x14</size>
         <input_file_ref idref="fl-58"/>
      </object_component>
      <object_component id="oc-25b">
         <name>.text:memcpy</name>
         <load_address>0xe106</load_address>
         <run_address>0xe106</run_address>
         <size>0x12</size>
         <input_file_ref idref="fl-59"/>
      </object_component>
      <object_component id="oc-391">
         <name>.text:strcpy</name>
         <load_address>0xe118</load_address>
         <run_address>0xe118</run_address>
         <size>0x10</size>
         <input_file_ref idref="fl-6c"/>
      </object_component>
      <object_component id="oc-93">
         <name>.text:decompress:rle24:__TI_decompress_rle24</name>
         <load_address>0xe128</load_address>
         <run_address>0xe128</run_address>
         <size>0xe</size>
         <input_file_ref idref="fl-37"/>
      </object_component>
      <object_component id="oc-24f">
         <name>.text:strlen</name>
         <load_address>0xe136</load_address>
         <run_address>0xe136</run_address>
         <size>0xe</size>
         <input_file_ref idref="fl-60"/>
      </object_component>
      <object_component id="oc-132">
         <name>.text:initLEDTIMERB1</name>
         <load_address>0xe144</load_address>
         <run_address>0xe144</run_address>
         <size>0xc</size>
         <input_file_ref idref="fl-4"/>
      </object_component>
      <object_component id="oc-13e">
         <name>.text:EUSCI_B_I2C_setSlaveAddress</name>
         <load_address>0xe150</load_address>
         <run_address>0xe150</run_address>
         <size>0x8</size>
         <input_file_ref idref="fl-3"/>
      </object_component>
      <object_component id="oc-14a">
         <name>.text:EUSCI_B_I2C_enable</name>
         <load_address>0xe158</load_address>
         <run_address>0xe158</run_address>
         <size>0x6</size>
         <input_file_ref idref="fl-3"/>
      </object_component>
      <object_component id="oc-a0">
         <name>.text:__TI_ISR_TRAP</name>
         <load_address>0xe15e</load_address>
         <run_address>0xe15e</run_address>
         <size>0x6</size>
         <input_file_ref idref="fl-56"/>
      </object_component>
      <object_component id="oc-ab">
         <name>.text:_system_pre_init</name>
         <load_address>0xe164</load_address>
         <run_address>0xe164</run_address>
         <size>0x4</size>
         <input_file_ref idref="fl-5d"/>
      </object_component>
      <object_component id="oc-1a5">
         <name>.text:abort</name>
         <load_address>0xe168</load_address>
         <run_address>0xe168</run_address>
         <size>0x4</size>
         <input_file_ref idref="fl-3d"/>
      </object_component>
      <object_component id="oc-214">
         <name>.text:_nop</name>
         <load_address>0xe16c</load_address>
         <run_address>0xe16c</run_address>
         <size>0x2</size>
         <input_file_ref idref="fl-65"/>
      </object_component>
      <object_component id="oc-113">
         <name>.common:init</name>
         <uninitialized>true</uninitialized>
         <run_address>0x1de2</run_address>
         <size>0x1</size>
      </object_component>
      <object_component id="oc-100">
         <name>.common:blinker$1</name>
         <uninitialized>true</uninitialized>
         <run_address>0x1dd3</run_address>
         <size>0x1</size>
      </object_component>
      <object_component id="oc-212">
         <name>.common:system</name>
         <uninitialized>true</uninitialized>
         <run_address>0x1dcc</run_address>
         <size>0x7</size>
      </object_component>
      <object_component id="oc-2be">
         <name>.common:__TI_cleanup_ptr</name>
         <uninitialized>true</uninitialized>
         <run_address>0x1dd4</run_address>
         <size>0x4</size>
      </object_component>
      <object_component id="oc-1a2">
         <name>.common:__TI_dtors_ptr</name>
         <uninitialized>true</uninitialized>
         <run_address>0x1dd8</run_address>
         <size>0x4</size>
      </object_component>
      <object_component id="oc-33a">
         <name>.common:__TI_tmpnams</name>
         <uninitialized>true</uninitialized>
         <run_address>0x1d24</run_address>
         <size>0xa0</size>
      </object_component>
      <object_component id="oc-39a">
         <name>.common:parmbuf</name>
         <uninitialized>true</uninitialized>
         <run_address>0x1dc4</run_address>
         <size>0x8</size>
      </object_component>
      <object_component id="oc-32f">
         <name>.common:sys_free</name>
         <uninitialized>true</uninitialized>
         <run_address>0x1de0</run_address>
         <size>0x2</size>
      </object_component>
      <object_component id="oc-332">
         <name>.common:sys_base</name>
         <uninitialized>true</uninitialized>
         <run_address>0x1dde</run_address>
         <size>0x2</size>
      </object_component>
      <object_component id="oc-331">
         <name>.common:memsize</name>
         <uninitialized>true</uninitialized>
         <run_address>0x1ddc</run_address>
         <size>0x2</size>
      </object_component>
      <object_component id="oc-19c">
         <name>.data</name>
         <load_address>0x1d18</load_address>
         <run_address>0x1d18</run_address>
         <size>0x8</size>
         <input_file_ref idref="fl-65"/>
      </object_component>
      <object_component id="oc-227">
         <name>.data:_ftable</name>
         <load_address>0x1c78</load_address>
         <run_address>0x1c78</run_address>
         <size>0x78</size>
         <input_file_ref idref="fl-3a"/>
      </object_component>
      <object_component id="oc-26f">
         <name>.data</name>
         <load_address>0x1d20</load_address>
         <run_address>0x1d20</run_address>
         <size>0x2</size>
         <input_file_ref idref="fl-3a"/>
      </object_component>
      <object_component id="oc-298">
         <name>.data:_stream</name>
         <load_address>0x1cf0</load_address>
         <run_address>0x1cf0</run_address>
         <size>0x28</size>
         <input_file_ref idref="fl-57"/>
      </object_component>
      <object_component id="oc-2ce">
         <name>.data:_device</name>
         <load_address>0x1c00</load_address>
         <run_address>0x1c00</run_address>
         <size>0x78</size>
         <input_file_ref idref="fl-57"/>
      </object_component>
      <object_component id="oc-2ea">
         <name>.data</name>
         <load_address>0x1d22</load_address>
         <run_address>0x1d22</run_address>
         <size>0x2</size>
         <input_file_ref idref="fl-6e"/>
      </object_component>
      <object_component id="oc-99">
         <name>.stack</name>
         <uninitialized>true</uninitialized>
         <run_address>0x1f60</run_address>
         <size>0x2</size>
         <input_file_ref idref="fl-35"/>
      </object_component>
      <object_component id="oc-43e">
         <name>.stack</name>
         <uninitialized>true</uninitialized>
         <run_address>0x1f60</run_address>
         <size>0x0</size>
      </object_component>
      <object_component id="oc-69">
         <name>.int31</name>
         <load_address>0xffce</load_address>
         <run_address>0xffce</run_address>
         <size>0x2</size>
         <input_file_ref idref="fl-40"/>
      </object_component>
      <object_component id="oc-6a">
         <name>.int32</name>
         <load_address>0xffd0</load_address>
         <run_address>0xffd0</run_address>
         <size>0x2</size>
         <input_file_ref idref="fl-41"/>
      </object_component>
      <object_component id="oc-6b">
         <name>.int33</name>
         <load_address>0xffd2</load_address>
         <run_address>0xffd2</run_address>
         <size>0x2</size>
         <input_file_ref idref="fl-42"/>
      </object_component>
      <object_component id="oc-6c">
         <name>.int34</name>
         <load_address>0xffd4</load_address>
         <run_address>0xffd4</run_address>
         <size>0x2</size>
         <input_file_ref idref="fl-43"/>
      </object_component>
      <object_component id="oc-6d">
         <name>.int35</name>
         <load_address>0xffd6</load_address>
         <run_address>0xffd6</run_address>
         <size>0x2</size>
         <input_file_ref idref="fl-44"/>
      </object_component>
      <object_component id="oc-6e">
         <name>.int36</name>
         <load_address>0xffd8</load_address>
         <run_address>0xffd8</run_address>
         <size>0x2</size>
         <input_file_ref idref="fl-45"/>
      </object_component>
      <object_component id="oc-6f">
         <name>.int37</name>
         <load_address>0xffda</load_address>
         <run_address>0xffda</run_address>
         <size>0x2</size>
         <input_file_ref idref="fl-4"/>
      </object_component>
      <object_component id="oc-70">
         <name>.int38</name>
         <load_address>0xffdc</load_address>
         <run_address>0xffdc</run_address>
         <size>0x2</size>
         <input_file_ref idref="fl-46"/>
      </object_component>
      <object_component id="oc-71">
         <name>.int39</name>
         <load_address>0xffde</load_address>
         <run_address>0xffde</run_address>
         <size>0x2</size>
         <input_file_ref idref="fl-47"/>
      </object_component>
      <object_component id="oc-72">
         <name>.int40</name>
         <load_address>0xffe0</load_address>
         <run_address>0xffe0</run_address>
         <size>0x2</size>
         <input_file_ref idref="fl-48"/>
      </object_component>
      <object_component id="oc-73">
         <name>.int41</name>
         <load_address>0xffe2</load_address>
         <run_address>0xffe2</run_address>
         <size>0x2</size>
         <input_file_ref idref="fl-49"/>
      </object_component>
      <object_component id="oc-74">
         <name>.int42</name>
         <load_address>0xffe4</load_address>
         <run_address>0xffe4</run_address>
         <size>0x2</size>
         <input_file_ref idref="fl-4a"/>
      </object_component>
      <object_component id="oc-75">
         <name>.int43</name>
         <load_address>0xffe6</load_address>
         <run_address>0xffe6</run_address>
         <size>0x2</size>
         <input_file_ref idref="fl-4b"/>
      </object_component>
      <object_component id="oc-76">
         <name>.int44</name>
         <load_address>0xffe8</load_address>
         <run_address>0xffe8</run_address>
         <size>0x2</size>
         <input_file_ref idref="fl-4c"/>
      </object_component>
      <object_component id="oc-77">
         <name>.int45</name>
         <load_address>0xffea</load_address>
         <run_address>0xffea</run_address>
         <size>0x2</size>
         <input_file_ref idref="fl-4d"/>
      </object_component>
      <object_component id="oc-78">
         <name>.int46</name>
         <load_address>0xffec</load_address>
         <run_address>0xffec</run_address>
         <size>0x2</size>
         <input_file_ref idref="fl-4e"/>
      </object_component>
      <object_component id="oc-79">
         <name>.int47</name>
         <load_address>0xffee</load_address>
         <run_address>0xffee</run_address>
         <size>0x2</size>
         <input_file_ref idref="fl-4f"/>
      </object_component>
      <object_component id="oc-7a">
         <name>.int48</name>
         <load_address>0xfff0</load_address>
         <run_address>0xfff0</run_address>
         <size>0x2</size>
         <input_file_ref idref="fl-50"/>
      </object_component>
      <object_component id="oc-7b">
         <name>.int49</name>
         <load_address>0xfff2</load_address>
         <run_address>0xfff2</run_address>
         <size>0x2</size>
         <input_file_ref idref="fl-51"/>
      </object_component>
      <object_component id="oc-82">
         <name>.int50</name>
         <load_address>0xfff4</load_address>
         <run_address>0xfff4</run_address>
         <size>0x2</size>
         <input_file_ref idref="fl-4"/>
      </object_component>
      <object_component id="oc-83">
         <name>.int51</name>
         <load_address>0xfff6</load_address>
         <run_address>0xfff6</run_address>
         <size>0x2</size>
         <input_file_ref idref="fl-52"/>
      </object_component>
      <object_component id="oc-84">
         <name>.int52</name>
         <load_address>0xfff8</load_address>
         <run_address>0xfff8</run_address>
         <size>0x2</size>
         <input_file_ref idref="fl-53"/>
      </object_component>
      <object_component id="oc-85">
         <name>.int53</name>
         <load_address>0xfffa</load_address>
         <run_address>0xfffa</run_address>
         <size>0x2</size>
         <input_file_ref idref="fl-54"/>
      </object_component>
      <object_component id="oc-86">
         <name>.int54</name>
         <load_address>0xfffc</load_address>
         <run_address>0xfffc</run_address>
         <size>0x2</size>
         <input_file_ref idref="fl-55"/>
      </object_component>
      <object_component id="oc-9c">
         <name>.reset</name>
         <load_address>0xfffe</load_address>
         <run_address>0xfffe</run_address>
         <size>0x2</size>
         <input_file_ref idref="fl-35"/>
      </object_component>
      <object_component id="oc-7d">
         <name>.debug_info</name>
         <load_address>0x0</load_address>
         <run_address>0x0</run_address>
         <size>0x124</size>
         <input_file_ref idref="fl-35"/>
      </object_component>
      <object_component id="oc-88">
         <name>.debug_info</name>
         <load_address>0x124</load_address>
         <run_address>0x124</run_address>
         <size>0x1b4</size>
         <input_file_ref idref="fl-36"/>
      </object_component>
      <object_component id="oc-8e">
         <name>.debug_info</name>
         <load_address>0x2d8</load_address>
         <run_address>0x2d8</run_address>
         <size>0x183</size>
         <input_file_ref idref="fl-38"/>
      </object_component>
      <object_component id="oc-94">
         <name>.debug_info</name>
         <load_address>0x45b</load_address>
         <run_address>0x45b</run_address>
         <size>0x1a7</size>
         <input_file_ref idref="fl-37"/>
      </object_component>
      <object_component id="oc-9a">
         <name>.debug_info</name>
         <load_address>0x602</load_address>
         <run_address>0x602</run_address>
         <size>0xaa</size>
         <input_file_ref idref="fl-35"/>
      </object_component>
      <object_component id="oc-9e">
         <name>.debug_info</name>
         <load_address>0x6ac</load_address>
         <run_address>0x6ac</run_address>
         <size>0xb6</size>
         <input_file_ref idref="fl-6e"/>
      </object_component>
      <object_component id="oc-a1">
         <name>.debug_info</name>
         <load_address>0x762</load_address>
         <run_address>0x762</run_address>
         <size>0xc2</size>
         <input_file_ref idref="fl-56"/>
      </object_component>
      <object_component id="oc-a6">
         <name>.debug_info</name>
         <load_address>0x824</load_address>
         <run_address>0x824</run_address>
         <size>0x11f</size>
         <input_file_ref idref="fl-4"/>
      </object_component>
      <object_component id="oc-ac">
         <name>.debug_info</name>
         <load_address>0x943</load_address>
         <run_address>0x943</run_address>
         <size>0xfd</size>
         <input_file_ref idref="fl-5d"/>
      </object_component>
      <object_component id="oc-b2">
         <name>.debug_info</name>
         <load_address>0xa40</load_address>
         <run_address>0xa40</run_address>
         <size>0x1a4</size>
         <input_file_ref idref="fl-67"/>
      </object_component>
      <object_component id="oc-b8">
         <name>.debug_info</name>
         <load_address>0xbe4</load_address>
         <run_address>0xbe4</run_address>
         <size>0x2e5</size>
         <input_file_ref idref="fl-4"/>
      </object_component>
      <object_component id="oc-be">
         <name>.debug_info</name>
         <load_address>0xec9</load_address>
         <run_address>0xec9</run_address>
         <size>0x127</size>
         <input_file_ref idref="fl-3d"/>
      </object_component>
      <object_component id="oc-c5">
         <name>.debug_info</name>
         <load_address>0xff0</load_address>
         <run_address>0xff0</run_address>
         <size>0x109</size>
         <input_file_ref idref="fl-4"/>
      </object_component>
      <object_component id="oc-cb">
         <name>.debug_info</name>
         <load_address>0x10f9</load_address>
         <run_address>0x10f9</run_address>
         <size>0xcd</size>
         <input_file_ref idref="fl-39"/>
      </object_component>
      <object_component id="oc-d0">
         <name>.debug_info</name>
         <load_address>0x11c6</load_address>
         <run_address>0x11c6</run_address>
         <size>0x46</size>
         <input_file_ref idref="fl-36"/>
      </object_component>
      <object_component id="oc-d5">
         <name>.debug_info</name>
         <load_address>0x120c</load_address>
         <run_address>0x120c</run_address>
         <size>0x184</size>
         <input_file_ref idref="fl-36"/>
      </object_component>
      <object_component id="oc-d7">
         <name>.debug_info</name>
         <load_address>0x1390</load_address>
         <run_address>0x1390</run_address>
         <size>0x46</size>
         <input_file_ref idref="fl-38"/>
      </object_component>
      <object_component id="oc-dc">
         <name>.debug_info</name>
         <load_address>0x13d6</load_address>
         <run_address>0x13d6</run_address>
         <size>0x17f</size>
         <input_file_ref idref="fl-38"/>
      </object_component>
      <object_component id="oc-de">
         <name>.debug_info</name>
         <load_address>0x1555</load_address>
         <run_address>0x1555</run_address>
         <size>0x266</size>
         <input_file_ref idref="fl-37"/>
      </object_component>
      <object_component id="oc-e4">
         <name>.debug_info</name>
         <load_address>0x17bb</load_address>
         <run_address>0x17bb</run_address>
         <size>0x189</size>
         <input_file_ref idref="fl-37"/>
      </object_component>
      <object_component id="oc-e5">
         <name>.debug_info</name>
         <load_address>0x1944</load_address>
         <run_address>0x1944</run_address>
         <size>0x39</size>
         <input_file_ref idref="fl-37"/>
      </object_component>
      <object_component id="oc-ec">
         <name>.debug_info</name>
         <load_address>0x197d</load_address>
         <run_address>0x197d</run_address>
         <size>0x84</size>
         <input_file_ref idref="fl-2"/>
      </object_component>
      <object_component id="oc-f3">
         <name>.debug_info</name>
         <load_address>0x1a01</load_address>
         <run_address>0x1a01</run_address>
         <size>0x245</size>
         <input_file_ref idref="fl-6e"/>
      </object_component>
      <object_component id="oc-f7">
         <name>.debug_info</name>
         <load_address>0x1c46</load_address>
         <run_address>0x1c46</run_address>
         <size>0x693</size>
         <input_file_ref idref="fl-4"/>
      </object_component>
      <object_component id="oc-115">
         <name>.debug_info</name>
         <load_address>0x22d9</load_address>
         <run_address>0x22d9</run_address>
         <size>0x18b</size>
         <input_file_ref idref="fl-2"/>
      </object_component>
      <object_component id="oc-11c">
         <name>.debug_info</name>
         <load_address>0x2464</load_address>
         <run_address>0x2464</run_address>
         <size>0x2e0</size>
         <input_file_ref idref="fl-67"/>
      </object_component>
      <object_component id="oc-121">
         <name>.debug_info</name>
         <load_address>0x2744</load_address>
         <run_address>0x2744</run_address>
         <size>0xfe</size>
         <input_file_ref idref="fl-4"/>
      </object_component>
      <object_component id="oc-127">
         <name>.debug_info</name>
         <load_address>0x2842</load_address>
         <run_address>0x2842</run_address>
         <size>0xff</size>
         <input_file_ref idref="fl-4"/>
      </object_component>
      <object_component id="oc-12d">
         <name>.debug_info</name>
         <load_address>0x2941</load_address>
         <run_address>0x2941</run_address>
         <size>0xf8</size>
         <input_file_ref idref="fl-2"/>
      </object_component>
      <object_component id="oc-133">
         <name>.debug_info</name>
         <load_address>0x2a39</load_address>
         <run_address>0x2a39</run_address>
         <size>0x109</size>
         <input_file_ref idref="fl-4"/>
      </object_component>
      <object_component id="oc-139">
         <name>.debug_info</name>
         <load_address>0x2b42</load_address>
         <run_address>0x2b42</run_address>
         <size>0x31e</size>
         <input_file_ref idref="fl-3"/>
      </object_component>
      <object_component id="oc-13f">
         <name>.debug_info</name>
         <load_address>0x2e60</load_address>
         <run_address>0x2e60</run_address>
         <size>0x17a</size>
         <input_file_ref idref="fl-3"/>
      </object_component>
      <object_component id="oc-145">
         <name>.debug_info</name>
         <load_address>0x2fda</load_address>
         <run_address>0x2fda</run_address>
         <size>0x15e</size>
         <input_file_ref idref="fl-3"/>
      </object_component>
      <object_component id="oc-14b">
         <name>.debug_info</name>
         <load_address>0x3138</load_address>
         <run_address>0x3138</run_address>
         <size>0x126</size>
         <input_file_ref idref="fl-3"/>
      </object_component>
      <object_component id="oc-151">
         <name>.debug_info</name>
         <load_address>0x325e</load_address>
         <run_address>0x325e</run_address>
         <size>0x194</size>
         <input_file_ref idref="fl-3"/>
      </object_component>
      <object_component id="oc-157">
         <name>.debug_info</name>
         <load_address>0x33f2</load_address>
         <run_address>0x33f2</run_address>
         <size>0x179</size>
         <input_file_ref idref="fl-3"/>
      </object_component>
      <object_component id="oc-15d">
         <name>.debug_info</name>
         <load_address>0x356b</load_address>
         <run_address>0x356b</run_address>
         <size>0x10e</size>
         <input_file_ref idref="fl-5"/>
      </object_component>
      <object_component id="oc-163">
         <name>.debug_info</name>
         <load_address>0x3679</load_address>
         <run_address>0x3679</run_address>
         <size>0x10e</size>
         <input_file_ref idref="fl-5"/>
      </object_component>
      <object_component id="oc-169">
         <name>.debug_info</name>
         <load_address>0x3787</load_address>
         <run_address>0x3787</run_address>
         <size>0x10e</size>
         <input_file_ref idref="fl-5"/>
      </object_component>
      <object_component id="oc-16f">
         <name>.debug_info</name>
         <load_address>0x3895</load_address>
         <run_address>0x3895</run_address>
         <size>0x165</size>
         <input_file_ref idref="fl-5"/>
      </object_component>
      <object_component id="oc-175">
         <name>.debug_info</name>
         <load_address>0x39fa</load_address>
         <run_address>0x39fa</run_address>
         <size>0x165</size>
         <input_file_ref idref="fl-5"/>
      </object_component>
      <object_component id="oc-17b">
         <name>.debug_info</name>
         <load_address>0x3b5f</load_address>
         <run_address>0x3b5f</run_address>
         <size>0x165</size>
         <input_file_ref idref="fl-5"/>
      </object_component>
      <object_component id="oc-18f">
         <name>.debug_info</name>
         <load_address>0x3cc4</load_address>
         <run_address>0x3cc4</run_address>
         <size>0x167</size>
         <input_file_ref idref="fl-4"/>
      </object_component>
      <object_component id="oc-195">
         <name>.debug_info</name>
         <load_address>0x3e2b</load_address>
         <run_address>0x3e2b</run_address>
         <size>0x17e</size>
         <input_file_ref idref="fl-4"/>
      </object_component>
      <object_component id="oc-19d">
         <name>.debug_info</name>
         <load_address>0x3fa9</load_address>
         <run_address>0x3fa9</run_address>
         <size>0xc8</size>
         <input_file_ref idref="fl-65"/>
      </object_component>
      <object_component id="oc-1a0">
         <name>.debug_info</name>
         <load_address>0x4071</load_address>
         <run_address>0x4071</run_address>
         <size>0x245</size>
         <input_file_ref idref="fl-35"/>
      </object_component>
      <object_component id="oc-1a6">
         <name>.debug_info</name>
         <load_address>0x42b6</load_address>
         <run_address>0x42b6</run_address>
         <size>0xcc</size>
         <input_file_ref idref="fl-3d"/>
      </object_component>
      <object_component id="oc-1ac">
         <name>.debug_info</name>
         <load_address>0x4382</load_address>
         <run_address>0x4382</run_address>
         <size>0x1aa</size>
         <input_file_ref idref="fl-3d"/>
      </object_component>
      <object_component id="oc-1bb">
         <name>.debug_info</name>
         <load_address>0x452c</load_address>
         <run_address>0x452c</run_address>
         <size>0x2c</size>
         <input_file_ref idref="fl-3f"/>
      </object_component>
      <object_component id="oc-1c0">
         <name>.debug_info</name>
         <load_address>0x4558</load_address>
         <run_address>0x4558</run_address>
         <size>0x6f</size>
         <input_file_ref idref="fl-6e"/>
      </object_component>
      <object_component id="oc-1c7">
         <name>.debug_info</name>
         <load_address>0x45c7</load_address>
         <run_address>0x45c7</run_address>
         <size>0x149</size>
         <input_file_ref idref="fl-4"/>
      </object_component>
      <object_component id="oc-1ce">
         <name>.debug_info</name>
         <load_address>0x4710</load_address>
         <run_address>0x4710</run_address>
         <size>0x39</size>
         <input_file_ref idref="fl-67"/>
      </object_component>
      <object_component id="oc-1d9">
         <name>.debug_info</name>
         <load_address>0x4749</load_address>
         <run_address>0x4749</run_address>
         <size>0x136</size>
         <input_file_ref idref="fl-34"/>
      </object_component>
      <object_component id="oc-1df">
         <name>.debug_info</name>
         <load_address>0x487f</load_address>
         <run_address>0x487f</run_address>
         <size>0xd6</size>
         <input_file_ref idref="fl-3c"/>
      </object_component>
      <object_component id="oc-1ee">
         <name>.debug_info</name>
         <load_address>0x4955</load_address>
         <run_address>0x4955</run_address>
         <size>0xe3</size>
         <input_file_ref idref="fl-5b"/>
      </object_component>
      <object_component id="oc-1f2">
         <name>.debug_info</name>
         <load_address>0x4a38</load_address>
         <run_address>0x4a38</run_address>
         <size>0xd4</size>
         <input_file_ref idref="fl-3b"/>
      </object_component>
      <object_component id="oc-1fa">
         <name>.debug_info</name>
         <load_address>0x4b0c</load_address>
         <run_address>0x4b0c</run_address>
         <size>0x11f</size>
         <input_file_ref idref="fl-2"/>
      </object_component>
      <object_component id="oc-215">
         <name>.debug_info</name>
         <load_address>0x4c2b</load_address>
         <run_address>0x4c2b</run_address>
         <size>0xd8</size>
         <input_file_ref idref="fl-65"/>
      </object_component>
      <object_component id="oc-21c">
         <name>.debug_info</name>
         <load_address>0x4d03</load_address>
         <run_address>0x4d03</run_address>
         <size>0x10d</size>
         <input_file_ref idref="fl-65"/>
      </object_component>
      <object_component id="oc-222">
         <name>.debug_info</name>
         <load_address>0x4e10</load_address>
         <run_address>0x4e10</run_address>
         <size>0x2c</size>
         <input_file_ref idref="fl-6e"/>
      </object_component>
      <object_component id="oc-228">
         <name>.debug_info</name>
         <load_address>0x4e3c</load_address>
         <run_address>0x4e3c</run_address>
         <size>0xac</size>
         <input_file_ref idref="fl-3a"/>
      </object_component>
      <object_component id="oc-22b">
         <name>.debug_info</name>
         <load_address>0x4ee8</load_address>
         <run_address>0x4ee8</run_address>
         <size>0x271</size>
         <input_file_ref idref="fl-3f"/>
      </object_component>
      <object_component id="oc-231">
         <name>.debug_info</name>
         <load_address>0x5159</load_address>
         <run_address>0x5159</run_address>
         <size>0x172</size>
         <input_file_ref idref="fl-3e"/>
      </object_component>
      <object_component id="oc-237">
         <name>.debug_info</name>
         <load_address>0x52cb</load_address>
         <run_address>0x52cb</run_address>
         <size>0x1a3</size>
         <input_file_ref idref="fl-34"/>
      </object_component>
      <object_component id="oc-23c">
         <name>.debug_info</name>
         <load_address>0x546e</load_address>
         <run_address>0x546e</run_address>
         <size>0x13b</size>
         <input_file_ref idref="fl-2"/>
      </object_component>
      <object_component id="oc-247">
         <name>.debug_info</name>
         <load_address>0x55a9</load_address>
         <run_address>0x55a9</run_address>
         <size>0xe8</size>
         <input_file_ref idref="fl-3a"/>
      </object_component>
      <object_component id="oc-24a">
         <name>.debug_info</name>
         <load_address>0x5691</load_address>
         <run_address>0x5691</run_address>
         <size>0x140</size>
         <input_file_ref idref="fl-64"/>
      </object_component>
      <object_component id="oc-250">
         <name>.debug_info</name>
         <load_address>0x57d1</load_address>
         <run_address>0x57d1</run_address>
         <size>0x153</size>
         <input_file_ref idref="fl-60"/>
      </object_component>
      <object_component id="oc-256">
         <name>.debug_info</name>
         <load_address>0x5924</load_address>
         <run_address>0x5924</run_address>
         <size>0x16b</size>
         <input_file_ref idref="fl-58"/>
      </object_component>
      <object_component id="oc-25d">
         <name>.debug_info</name>
         <load_address>0x5a8f</load_address>
         <run_address>0x5a8f</run_address>
         <size>0x157</size>
         <input_file_ref idref="fl-59"/>
      </object_component>
      <object_component id="oc-262">
         <name>.debug_info</name>
         <load_address>0x5be6</load_address>
         <run_address>0x5be6</run_address>
         <size>0x12e</size>
         <input_file_ref idref="fl-3e"/>
      </object_component>
      <object_component id="oc-268">
         <name>.debug_info</name>
         <load_address>0x5d14</load_address>
         <run_address>0x5d14</run_address>
         <size>0x172</size>
         <input_file_ref idref="fl-57"/>
      </object_component>
      <object_component id="oc-26e">
         <name>.debug_info</name>
         <load_address>0x5e86</load_address>
         <run_address>0x5e86</run_address>
         <size>0x2c9</size>
         <input_file_ref idref="fl-3f"/>
      </object_component>
      <object_component id="oc-270">
         <name>.debug_info</name>
         <load_address>0x614f</load_address>
         <run_address>0x614f</run_address>
         <size>0xb4</size>
         <input_file_ref idref="fl-3a"/>
      </object_component>
      <object_component id="oc-273">
         <name>.debug_info</name>
         <load_address>0x6203</load_address>
         <run_address>0x6203</run_address>
         <size>0x1c9</size>
         <input_file_ref idref="fl-3e"/>
      </object_component>
      <object_component id="oc-276">
         <name>.debug_info</name>
         <load_address>0x63cc</load_address>
         <run_address>0x63cc</run_address>
         <size>0xae</size>
         <input_file_ref idref="fl-34"/>
      </object_component>
      <object_component id="oc-27c">
         <name>.debug_info</name>
         <load_address>0x647a</load_address>
         <run_address>0x647a</run_address>
         <size>0xe3</size>
         <input_file_ref idref="fl-5c"/>
      </object_component>
      <object_component id="oc-284">
         <name>.debug_info</name>
         <load_address>0x655d</load_address>
         <run_address>0x655d</run_address>
         <size>0x193</size>
         <input_file_ref idref="fl-68"/>
      </object_component>
      <object_component id="oc-28a">
         <name>.debug_info</name>
         <load_address>0x66f0</load_address>
         <run_address>0x66f0</run_address>
         <size>0x1a8</size>
         <input_file_ref idref="fl-6b"/>
      </object_component>
      <object_component id="oc-290">
         <name>.debug_info</name>
         <load_address>0x6898</load_address>
         <run_address>0x6898</run_address>
         <size>0x177</size>
         <input_file_ref idref="fl-64"/>
      </object_component>
      <object_component id="oc-292">
         <name>.debug_info</name>
         <load_address>0x6a0f</load_address>
         <run_address>0x6a0f</run_address>
         <size>0x111</size>
         <input_file_ref idref="fl-60"/>
      </object_component>
      <object_component id="oc-294">
         <name>.debug_info</name>
         <load_address>0x6b20</load_address>
         <run_address>0x6b20</run_address>
         <size>0x127</size>
         <input_file_ref idref="fl-58"/>
      </object_component>
      <object_component id="oc-296">
         <name>.debug_info</name>
         <load_address>0x6c47</load_address>
         <run_address>0x6c47</run_address>
         <size>0x127</size>
         <input_file_ref idref="fl-59"/>
      </object_component>
      <object_component id="oc-299">
         <name>.debug_info</name>
         <load_address>0x6d6e</load_address>
         <run_address>0x6d6e</run_address>
         <size>0xad</size>
         <input_file_ref idref="fl-57"/>
      </object_component>
      <object_component id="oc-29c">
         <name>.debug_info</name>
         <load_address>0x6e1b</load_address>
         <run_address>0x6e1b</run_address>
         <size>0x44f</size>
         <input_file_ref idref="fl-57"/>
      </object_component>
      <object_component id="oc-2a5">
         <name>.debug_info</name>
         <load_address>0x726a</load_address>
         <run_address>0x726a</run_address>
         <size>0x18d</size>
         <input_file_ref idref="fl-57"/>
      </object_component>
      <object_component id="oc-2ab">
         <name>.debug_info</name>
         <load_address>0x73f7</load_address>
         <run_address>0x73f7</run_address>
         <size>0x1a6</size>
         <input_file_ref idref="fl-68"/>
      </object_component>
      <object_component id="oc-2ad">
         <name>.debug_info</name>
         <load_address>0x759d</load_address>
         <run_address>0x759d</run_address>
         <size>0x155</size>
         <input_file_ref idref="fl-6e"/>
      </object_component>
      <object_component id="oc-2b3">
         <name>.debug_info</name>
         <load_address>0x76f2</load_address>
         <run_address>0x76f2</run_address>
         <size>0x176</size>
         <input_file_ref idref="fl-6e"/>
      </object_component>
      <object_component id="oc-2b9">
         <name>.debug_info</name>
         <load_address>0x7868</load_address>
         <run_address>0x7868</run_address>
         <size>0x120</size>
         <input_file_ref idref="fl-6d"/>
      </object_component>
      <object_component id="oc-2c0">
         <name>.debug_info</name>
         <load_address>0x7988</load_address>
         <run_address>0x7988</run_address>
         <size>0x1e7</size>
         <input_file_ref idref="fl-6b"/>
      </object_component>
      <object_component id="oc-2c1">
         <name>.debug_info</name>
         <load_address>0x7b6f</load_address>
         <run_address>0x7b6f</run_address>
         <size>0xbb</size>
         <input_file_ref idref="fl-64"/>
      </object_component>
      <object_component id="oc-2cf">
         <name>.debug_info</name>
         <load_address>0x7c2a</load_address>
         <run_address>0x7c2a</run_address>
         <size>0xad</size>
         <input_file_ref idref="fl-57"/>
      </object_component>
      <object_component id="oc-2d5">
         <name>.debug_info</name>
         <load_address>0x7cd7</load_address>
         <run_address>0x7cd7</run_address>
         <size>0x2c</size>
         <input_file_ref idref="fl-57"/>
      </object_component>
      <object_component id="oc-2da">
         <name>.debug_info</name>
         <load_address>0x7d03</load_address>
         <run_address>0x7d03</run_address>
         <size>0x120</size>
         <input_file_ref idref="fl-57"/>
      </object_component>
      <object_component id="oc-2df">
         <name>.debug_info</name>
         <load_address>0x7e23</load_address>
         <run_address>0x7e23</run_address>
         <size>0x2c</size>
         <input_file_ref idref="fl-57"/>
      </object_component>
      <object_component id="oc-2eb">
         <name>.debug_info</name>
         <load_address>0x7e4f</load_address>
         <run_address>0x7e4f</run_address>
         <size>0xb3</size>
         <input_file_ref idref="fl-6e"/>
      </object_component>
      <object_component id="oc-2ee">
         <name>.debug_info</name>
         <load_address>0x7f02</load_address>
         <run_address>0x7f02</run_address>
         <size>0xe5</size>
         <input_file_ref idref="fl-6e"/>
      </object_component>
      <object_component id="oc-2f9">
         <name>.debug_info</name>
         <load_address>0x7fe7</load_address>
         <run_address>0x7fe7</run_address>
         <size>0x197</size>
         <input_file_ref idref="fl-70"/>
      </object_component>
      <object_component id="oc-301">
         <name>.debug_info</name>
         <load_address>0x817e</load_address>
         <run_address>0x817e</run_address>
         <size>0x1b0</size>
         <input_file_ref idref="fl-62"/>
      </object_component>
      <object_component id="oc-307">
         <name>.debug_info</name>
         <load_address>0x832e</load_address>
         <run_address>0x832e</run_address>
         <size>0x15d</size>
         <input_file_ref idref="fl-62"/>
      </object_component>
      <object_component id="oc-30d">
         <name>.debug_info</name>
         <load_address>0x848b</load_address>
         <run_address>0x848b</run_address>
         <size>0x19f</size>
         <input_file_ref idref="fl-62"/>
      </object_component>
      <object_component id="oc-313">
         <name>.debug_info</name>
         <load_address>0x862a</load_address>
         <run_address>0x862a</run_address>
         <size>0x1a1</size>
         <input_file_ref idref="fl-62"/>
      </object_component>
      <object_component id="oc-319">
         <name>.debug_info</name>
         <load_address>0x87cb</load_address>
         <run_address>0x87cb</run_address>
         <size>0x1ec</size>
         <input_file_ref idref="fl-62"/>
      </object_component>
      <object_component id="oc-31f">
         <name>.debug_info</name>
         <load_address>0x89b7</load_address>
         <run_address>0x89b7</run_address>
         <size>0x165</size>
         <input_file_ref idref="fl-62"/>
      </object_component>
      <object_component id="oc-325">
         <name>.debug_info</name>
         <load_address>0x8b1c</load_address>
         <run_address>0x8b1c</run_address>
         <size>0x1d7</size>
         <input_file_ref idref="fl-62"/>
      </object_component>
      <object_component id="oc-335">
         <name>.debug_info</name>
         <load_address>0x8cf3</load_address>
         <run_address>0x8cf3</run_address>
         <size>0x138</size>
         <input_file_ref idref="fl-57"/>
      </object_component>
      <object_component id="oc-33c">
         <name>.debug_info</name>
         <load_address>0x8e2b</load_address>
         <run_address>0x8e2b</run_address>
         <size>0x152</size>
         <input_file_ref idref="fl-57"/>
      </object_component>
      <object_component id="oc-342">
         <name>.debug_info</name>
         <load_address>0x8f7d</load_address>
         <run_address>0x8f7d</run_address>
         <size>0x227</size>
         <input_file_ref idref="fl-70"/>
      </object_component>
      <object_component id="oc-344">
         <name>.debug_info</name>
         <load_address>0x91a4</load_address>
         <run_address>0x91a4</run_address>
         <size>0x294</size>
         <input_file_ref idref="fl-62"/>
      </object_component>
      <object_component id="oc-34b">
         <name>.debug_info</name>
         <load_address>0x9438</load_address>
         <run_address>0x9438</run_address>
         <size>0x189</size>
         <input_file_ref idref="fl-63"/>
      </object_component>
      <object_component id="oc-352">
         <name>.debug_info</name>
         <load_address>0x95c1</load_address>
         <run_address>0x95c1</run_address>
         <size>0x144</size>
         <input_file_ref idref="fl-63"/>
      </object_component>
      <object_component id="oc-377">
         <name>.debug_info</name>
         <load_address>0x9705</load_address>
         <run_address>0x9705</run_address>
         <size>0xd9</size>
         <input_file_ref idref="fl-6a"/>
      </object_component>
      <object_component id="oc-385">
         <name>.debug_info</name>
         <load_address>0x97de</load_address>
         <run_address>0x97de</run_address>
         <size>0xd9</size>
         <input_file_ref idref="fl-69"/>
      </object_component>
      <object_component id="oc-392">
         <name>.debug_info</name>
         <load_address>0x98b7</load_address>
         <run_address>0x98b7</run_address>
         <size>0x169</size>
         <input_file_ref idref="fl-6c"/>
      </object_component>
      <object_component id="oc-39e">
         <name>.debug_info</name>
         <load_address>0x9a20</load_address>
         <run_address>0x9a20</run_address>
         <size>0x18b</size>
         <input_file_ref idref="fl-57"/>
      </object_component>
      <object_component id="oc-3a9">
         <name>.debug_info</name>
         <load_address>0x9bab</load_address>
         <run_address>0x9bab</run_address>
         <size>0xb0</size>
         <input_file_ref idref="fl-63"/>
      </object_component>
      <object_component id="oc-3ac">
         <name>.debug_info</name>
         <load_address>0x9c5b</load_address>
         <run_address>0x9c5b</run_address>
         <size>0x13d</size>
         <input_file_ref idref="fl-63"/>
      </object_component>
      <object_component id="oc-3b1">
         <name>.debug_info</name>
         <load_address>0x9d98</load_address>
         <run_address>0x9d98</run_address>
         <size>0x11c</size>
         <input_file_ref idref="fl-6c"/>
      </object_component>
      <object_component id="oc-3b3">
         <name>.debug_info</name>
         <load_address>0x9eb4</load_address>
         <run_address>0x9eb4</run_address>
         <size>0x173</size>
         <input_file_ref idref="fl-5e"/>
      </object_component>
      <object_component id="oc-3bb">
         <name>.debug_info</name>
         <load_address>0xa027</load_address>
         <run_address>0xa027</run_address>
         <size>0x182</size>
         <input_file_ref idref="fl-61"/>
      </object_component>
      <object_component id="oc-3bf">
         <name>.debug_info</name>
         <load_address>0xa1a9</load_address>
         <run_address>0xa1a9</run_address>
         <size>0x132</size>
         <input_file_ref idref="fl-57"/>
      </object_component>
      <object_component id="oc-3cc">
         <name>.debug_info</name>
         <load_address>0xa2db</load_address>
         <run_address>0xa2db</run_address>
         <size>0x11c</size>
         <input_file_ref idref="fl-5e"/>
      </object_component>
      <object_component id="oc-3ce">
         <name>.debug_info</name>
         <load_address>0xa3f7</load_address>
         <run_address>0xa3f7</run_address>
         <size>0x11d</size>
         <input_file_ref idref="fl-61"/>
      </object_component>
      <object_component id="oc-3d0">
         <name>.debug_info</name>
         <load_address>0xa514</load_address>
         <run_address>0xa514</run_address>
         <size>0x17e</size>
         <input_file_ref idref="fl-5f"/>
      </object_component>
      <object_component id="oc-3db">
         <name>.debug_info</name>
         <load_address>0xa692</load_address>
         <run_address>0xa692</run_address>
         <size>0x10c</size>
         <input_file_ref idref="fl-5f"/>
      </object_component>
      <object_component id="oc-440">
         <name>.debug_info</name>
         <load_address>0xa79e</load_address>
         <run_address>0xa79e</run_address>
         <size>0xa9</size>
      </object_component>
      <object_component id="oc-7e">
         <name>.debug_aranges</name>
         <load_address>0x0</load_address>
         <run_address>0x0</run_address>
         <size>0x20</size>
         <input_file_ref idref="fl-35"/>
      </object_component>
      <object_component id="oc-89">
         <name>.debug_aranges</name>
         <load_address>0x20</load_address>
         <run_address>0x20</run_address>
         <size>0x20</size>
         <input_file_ref idref="fl-36"/>
      </object_component>
      <object_component id="oc-8f">
         <name>.debug_aranges</name>
         <load_address>0x40</load_address>
         <run_address>0x40</run_address>
         <size>0x20</size>
         <input_file_ref idref="fl-38"/>
      </object_component>
      <object_component id="oc-96">
         <name>.debug_aranges</name>
         <load_address>0x60</load_address>
         <run_address>0x60</run_address>
         <size>0x20</size>
         <input_file_ref idref="fl-37"/>
      </object_component>
      <object_component id="oc-a2">
         <name>.debug_aranges</name>
[...]
         <name>__TI_int38</name>
         <value>0xffdc</value>
         <object_component_ref idref="oc-70"/>
      </symbol>
      <symbol id="sm-495">
         <name>__TI_int39</name>
         <value>0xffde</value>
         <object_component_ref idref="oc-71"/>
      </symbol>
      <symbol id="sm-498">
         <name>__TI_int40</name>
         <value>0xffe0</value>
         <object_component_ref idref="oc-72"/>
      </symbol>
      <symbol id="sm-49b">
         <name>__TI_int41</name>
         <value>0xffe2</value>
         <object_component_ref idref="oc-73"/>
      </symbol>
      <symbol id="sm-49e">
         <name>__TI_int42</name>
         <value>0xffe4</value>
         <object_component_ref idref="oc-74"/>
      </symbol>
      <symbol id="sm-4a1">
         <name>__TI_int43</name>
         <value>0xffe6</value>
         <object_component_ref idref="oc-75"/>
      </symbol>
      <symbol id="sm-4a4">
         <name>__TI_int44</name>
         <value>0xffe8</value>
         <object_component_ref idref="oc-76"/>
      </symbol>
      <symbol id="sm-4a7">
         <name>__TI_int45</name>
         <value>0xffea</value>
         <object_component_ref idref="oc-77"/>
      </symbol>
      <symbol id="sm-4aa">
         <name>__TI_int46</name>
         <value>0xffec</value>
         <object_component_ref idref="oc-78"/>
      </symbol>
      <symbol id="sm-4ad">
         <name>__TI_int47</name>
         <value>0xffee</value>
         <object_component_ref idref="oc-79"/>
      </symbol>
      <symbol id="sm-4b0">
         <name>__TI_int48</name>
         <value>0xfff0</value>
         <object_component_ref idref="oc-7a"/>
      </symbol>
      <symbol id="sm-4b3">
         <name>__TI_int49</name>
         <value>0xfff2</value>
         <object_component_ref idref="oc-7b"/>
      </symbol>
      <symbol id="sm-4b6">
         <name>__TI_int51</name>
         <value>0xfff6</value>
         <object_component_ref idref="oc-83"/>
      </symbol>
      <symbol id="sm-4b9">
         <name>__TI_int52</name>
         <value>0xfff8</value>
         <object_component_ref idref="oc-84"/>
      </symbol>
      <symbol id="sm-4bc">
         <name>__TI_int53</name>
         <value>0xfffa</value>
         <object_component_ref idref="oc-85"/>
      </symbol>
      <symbol id="sm-4bf">
         <name>__TI_int54</name>
         <value>0xfffc</value>
         <object_component_ref idref="oc-86"/>
      </symbol>
      <symbol id="sm-607">
         <name>_lock</name>
         <value>0x1d18</value>
         <object_component_ref idref="oc-19c"/>
      </symbol>
      <symbol id="sm-608">
         <name>_unlock</name>
         <value>0x1d1c</value>
         <object_component_ref idref="oc-19c"/>
      </symbol>
      <symbol id="sm-6cb">
         <name>getVBAT</name>
         <value>0xe07c</value>
         <object_component_ref idref="oc-1f9"/>
      </symbol>
      <symbol id="sm-6cc">
         <name>getVADC</name>
         <value>0xdebe</value>
         <object_component_ref idref="oc-23b"/>
      </symbol>
      <symbol id="sm-6cd">
         <name>initADC</name>
         <value>0xdde2</value>
         <object_component_ref idref="oc-12c"/>
      </symbol>
      <symbol id="sm-6ce">
         <name>EUSCI_B_I2C_masterMultiByteSendStart</name>
         <value>0xde10</value>
         <object_component_ref idref="oc-150"/>
      </symbol>
      <symbol id="sm-6cf">
         <name>EUSCI_B_I2C_setSlaveAddress</name>
         <value>0xe150</value>
         <object_component_ref idref="oc-13e"/>
      </symbol>
      <symbol id="sm-6d0">
         <name>EUSCI_B_I2C_setMode</name>
         <value>0xdfe8</value>
         <object_component_ref idref="oc-144"/>
      </symbol>
      <symbol id="sm-6d1">
         <name>EUSCI_B_I2C_masterInit</name>
         <value>0xd326</value>
         <object_component_ref idref="oc-138"/>
      </symbol>
      <symbol id="sm-6d2">
         <name>EUSCI_B_I2C_enable</name>
         <value>0xe158</value>
         <object_component_ref idref="oc-14a"/>
      </symbol>
      <symbol id="sm-6d3">
         <name>EUSCI_B_I2C_masterMultiByteSendFinish</name>
         <value>0xe048</value>
         <object_component_ref idref="oc-156"/>
      </symbol>
      <symbol id="sm-6d4">
         <name>update_IO</name>
         <value>0xd62c</value>
         <object_component_ref idref="oc-194"/>
      </symbol>
      <symbol id="sm-6d5">
         <name>initLEDTIMERB1</name>
         <value>0xe144</value>
         <object_component_ref idref="oc-132"/>
      </symbol>
      <symbol id="sm-6d6">
         <name>main</name>
         <value>0xcddc</value>
         <object_component_ref idref="oc-b7"/>
      </symbol>
      <symbol id="sm-6d7">
         <name>switch_press</name>
         <value>0xd5bc</value>
         <object_component_ref idref="oc-c4"/>
      </symbol>
      <symbol id="sm-6d8">
         <name>led_update</name>
         <value>0xcc00</value>
         <object_component_ref idref="oc-a5"/>
      </symbol>
      <symbol id="sm-6d9">
         <name>initCCPB0</name>
         <value>0xdf34</value>
         <object_component_ref idref="oc-126"/>
      </symbol>
      <symbol id="sm-6da">
         <name>calcBatLevel</name>
         <value>0xd282</value>
         <object_component_ref idref="oc-18e"/>
      </symbol>
      <symbol id="sm-6db">
         <name>setPWMA0</name>
         <value>0xdf58</value>
         <object_component_ref idref="oc-174"/>
      </symbol>
      <symbol id="sm-6dc">
         <name>setPWMA1</name>
         <value>0xdf7c</value>
         <object_component_ref idref="oc-16e"/>
      </symbol>
      <symbol id="sm-6dd">
         <name>setPWMB2</name>
         <value>0xdfa0</value>
         <object_component_ref idref="oc-17a"/>
      </symbol>
      <symbol id="sm-6de">
         <name>initPWMA0</name>
         <value>0xdcc2</value>
         <object_component_ref idref="oc-15c"/>
      </symbol>
      <symbol id="sm-6df">
         <name>initPWMA1</name>
         <value>0xdcf4</value>
         <object_component_ref idref="oc-162"/>
      </symbol>
      <symbol id="sm-6e0">
         <name>initPWMB2</name>
         <value>0xdd26</value>
         <object_component_ref idref="oc-168"/>
      </symbol>
      <symbol id="sm-6e1">
         <name>_abort_msg</name>
         <value>0xe062</value>
         <object_component_ref idref="oc-1d8"/>
      </symbol>
      <symbol id="sm-6e2">
         <name>_c_int00</name>
         <value>0xe02c</value>
         <object_component_ref idref="oc-7c"/>
      </symbol>
      <symbol id="sm-6e3">
         <name>_c_int00_noargs</name>
         <value>0xe02c</value>
         <object_component_ref idref="oc-7c"/>
      </symbol>
      <symbol id="sm-6e4">
         <name>__TI_decompress_none</name>
         <value>0xdc1c</value>
         <object_component_ref idref="oc-87"/>
      </symbol>
      <symbol id="sm-6e5">
         <name>__TI_decompress_rle24</name>
         <value>0xe128</value>
         <object_component_ref idref="oc-93"/>
      </symbol>
      <symbol id="sm-6e6">
         <name>__TI_zero_init</name>
         <value>0xdb62</value>
         <object_component_ref idref="oc-8d"/>
      </symbol>
      <symbol id="sm-6e7">
         <name>__memcpy_far</name>
         <value>0xdb22</value>
         <object_component_ref idref="oc-ca"/>
      </symbol>
      <symbol id="sm-6e8">
         <name>__mspabi_remu</name>
         <value>0xe0c6</value>
         <object_component_ref idref="oc-1f1"/>
      </symbol>
      <symbol id="sm-6e9">
         <name>__mspabi_divu</name>
         <value>0xe0c6</value>
         <object_component_ref idref="oc-1f1"/>
      </symbol>
      <symbol id="sm-6ea">
         <name>__mspabi_remul</name>
         <value>0xd952</value>
         <object_component_ref idref="oc-1de"/>
      </symbol>
      <symbol id="sm-6eb">
         <name>__mspabi_divul</name>
         <value>0xd952</value>
         <object_component_ref idref="oc-1de"/>
      </symbol>
      <symbol id="sm-6ec">
         <name>C$$EXIT</name>
         <value>0xe168</value>
         <object_component_ref idref="oc-1a5"/>
      </symbol>
      <symbol id="sm-6ed">
         <name>abort</name>
         <value>0xe168</value>
         <object_component_ref idref="oc-1a5"/>
      </symbol>
      <symbol id="sm-6ee">
         <name>exit</name>
         <value>0xdd86</value>
         <object_component_ref idref="oc-bd"/>
      </symbol>
      <symbol id="sm-6ef">
         <name>__TI_exit</name>
         <value>0x1</value>
      </symbol>
      <symbol id="sm-6f0">
         <name>__TI_doflush</name>
         <value>0xd836</value>
         <object_component_ref idref="oc-261"/>
      </symbol>
      <symbol id="sm-6f1">
         <name>fflush</name>
         <value>0xd9aa</value>
         <object_component_ref idref="oc-230"/>
      </symbol>
      <symbol id="sm-6f2">
         <name>fputs</name>
         <value>0xcf54</value>
         <object_component_ref idref="oc-22a"/>
      </symbol>
      <symbol id="sm-6f3">
         <name>__TI_ISR_TRAP</name>
         <value>0xe15e</value>
         <object_component_ref idref="oc-a0"/>
      </symbol>
      <symbol id="sm-6f4">
         <name>lseek</name>
         <value>0xdf0e</value>
         <object_component_ref idref="oc-2a4"/>
      </symbol>
      <symbol id="sm-6f5">
         <name>write</name>
         <value>0xdfc4</value>
         <object_component_ref idref="oc-267"/>
      </symbol>
      <symbol id="sm-6f6">
         <name>close</name>
         <value>0xda52</value>
         <object_component_ref idref="oc-334"/>
      </symbol>
      <symbol id="sm-6f7">
         <name>unlink</name>
         <value>0xde94</value>
         <object_component_ref idref="oc-33b"/>
      </symbol>
      <symbol id="sm-6f8">
         <name>memchr</name>
         <value>0xe0f2</value>
         <object_component_ref idref="oc-255"/>
      </symbol>
      <symbol id="sm-6f9">
         <name>memcpy</name>
         <value>0xe106</value>
         <object_component_ref idref="oc-25b"/>
      </symbol>
      <symbol id="sm-6fa">
         <name>__mspabi_mpyi_f5hw</name>
         <value>0xe0dc</value>
         <object_component_ref idref="oc-1ec"/>
      </symbol>
      <symbol id="sm-6fb">
         <name>__mspabi_mpyl_f5hw</name>
         <value>0xe00a</value>
         <object_component_ref idref="oc-27b"/>
      </symbol>
      <symbol id="sm-6fc">
         <name>_system_pre_init</name>
         <value>0xe164</value>
         <object_component_ref idref="oc-ab"/>
      </symbol>
      <symbol id="sm-6fd">
         <name>strchr</name>
         <value>0xe096</value>
         <object_component_ref idref="oc-3b2"/>
      </symbol>
      <symbol id="sm-6fe">
         <name>strcmp</name>
         <value>0xe0ae</value>
         <object_component_ref idref="oc-3cf"/>
      </symbol>
      <symbol id="sm-6ff">
         <name>strlen</name>
         <value>0xe136</value>
         <object_component_ref idref="oc-24f"/>
      </symbol>
      <symbol id="sm-700">
         <name>strncpy</name>
         <value>0xde68</value>
         <object_component_ref idref="oc-3b8"/>
      </symbol>
      <symbol id="sm-701">
         <name>HOSTrename</name>
         <value>0xd698</value>
         <object_component_ref idref="oc-324"/>
      </symbol>
      <symbol id="sm-702">
         <name>HOSTclose</name>
         <value>0xda9c</value>
         <object_component_ref idref="oc-306"/>
      </symbol>
      <symbol id="sm-703">
         <name>HOSTunlink</name>
         <value>0xdae0</value>
         <object_component_ref idref="oc-31e"/>
      </symbol>
      <symbol id="sm-704">
         <name>HOSTlseek</name>
         <value>0xd3b8</value>
         <object_component_ref idref="oc-318"/>
      </symbol>
      <symbol id="sm-705">
         <name>HOSTopen</name>
         <value>0xd7d4</value>
         <object_component_ref idref="oc-300"/>
      </symbol>
      <symbol id="sm-706">
         <name>HOSTwrite</name>
         <value>0xd898</value>
         <object_component_ref idref="oc-312"/>
      </symbol>
      <symbol id="sm-707">
         <name>HOSTread</name>
         <value>0xd8f6</value>
         <object_component_ref idref="oc-30c"/>
      </symbol>
      <symbol id="sm-708">
         <name>__TI_readmsg</name>
         <value>0xde3c</value>
         <object_component_ref idref="oc-351"/>
      </symbol>
      <symbol id="sm-709">
         <name>C$$IO$$</name>
         <value>0xdd82</value>
         <object_component_ref idref="oc-34a"/>
      </symbol>
      <symbol id="sm-70a">
         <name>_CIOBUF_</name>
         <value>0xc200</value>
         <object_component_ref idref="oc-3a8"/>
      </symbol>
      <symbol id="sm-70b">
         <name>__TI_writemsg</name>
         <value>0xdd58</value>
         <object_component_ref idref="oc-34a"/>
      </symbol>
      <symbol id="sm-70c">
         <name>__TI_wrt_ok</name>
         <value>0xd542</value>
         <object_component_ref idref="oc-249"/>
      </symbol>
      <symbol id="sm-70d">
         <name>_nop</name>
         <value>0xe16c</value>
         <object_component_ref idref="oc-214"/>
      </symbol>
      <symbol id="sm-70e">
         <name>__TI_args_main</name>
         <value>0x1</value>
      </symbol>
      <symbol id="sm-70f">
         <name>__TI_INITARRAY_Base</name>
         <value>0x0</value>
      </symbol>
      <symbol id="sm-710">
         <name>__TI_INITARRAY_Limit</name>
         <value>0x0</value>
      </symbol>
      <symbol id="sm-711">
         <name>_auto_init_hold_wdt</name>
         <value>0xd43e</value>
         <object_component_ref idref="oc-b1"/>
      </symbol>
      <symbol id="sm-712">
         <name>fseek</name>
         <value>0xd702</value>
         <object_component_ref idref="oc-283"/>
      </symbol>
      <symbol id="sm-713">
         <name>__mspabi_slll_9</name>
         <value>0xdbb8</value>
         <object_component_ref idref="oc-383"/>
      </symbol>
      <symbol id="sm-714">
         <name>__mspabi_slll_8</name>
         <value>0xdbbc</value>
         <object_component_ref idref="oc-383"/>
      </symbol>
      <symbol id="sm-715">
         <name>__mspabi_slll_7</name>
         <value>0xdbc0</value>
         <object_component_ref idref="oc-383"/>
      </symbol>
      <symbol id="sm-716">
         <name>__mspabi_slll_6</name>
         <value>0xdbc4</value>
         <object_component_ref idref="oc-383"/>
      </symbol>
      <symbol id="sm-717">
         <name>__mspabi_slll_5</name>
         <value>0xdbc8</value>
         <object_component_ref idref="oc-383"/>
      </symbol>
      <symbol id="sm-718">
         <name>__mspabi_slll_4</name>
         <value>0xdbcc</value>
         <object_component_ref idref="oc-383"/>
      </symbol>
      <symbol id="sm-719">
         <name>__mspabi_slll_3</name>
         <value>0xdbd0</value>
         <object_component_ref idref="oc-383"/>
      </symbol>
      <symbol id="sm-71a">
         <name>__mspabi_slll_2</name>
         <value>0xdbd4</value>
         <object_component_ref idref="oc-383"/>
      </symbol>
      <symbol id="sm-71b">
         <name>__mspabi_slll_1</name>
         <value>0xdbd8</value>
         <object_component_ref idref="oc-383"/>
      </symbol>
      <symbol id="sm-71c">
         <name>__mspabi_slll_15</name>
         <value>0xdba0</value>
         <object_component_ref idref="oc-383"/>
      </symbol>
      <symbol id="sm-71d">
         <name>__mspabi_slll_14</name>
         <value>0xdba4</value>
         <object_component_ref idref="oc-383"/>
      </symbol>
      <symbol id="sm-71e">
         <name>__mspabi_slll_13</name>
         <value>0xdba8</value>
         <object_component_ref idref="oc-383"/>
      </symbol>
      <symbol id="sm-71f">
         <name>__mspabi_slll_12</name>
         <value>0xdbac</value>
         <object_component_ref idref="oc-383"/>
      </symbol>
      <symbol id="sm-720">
         <name>__mspabi_slll_11</name>
         <value>0xdbb0</value>
         <object_component_ref idref="oc-383"/>
      </symbol>
      <symbol id="sm-721">
         <name>__mspabi_slll_10</name>
         <value>0xdbb4</value>
         <object_component_ref idref="oc-383"/>
      </symbol>
      <symbol id="sm-722">
         <name>__mspabi_srll_8</name>
         <value>0xdbfa</value>
         <object_component_ref idref="oc-376"/>
      </symbol>
      <symbol id="sm-723">
         <name>__mspabi_srll_9</name>
         <value>0xdbf6</value>
         <object_component_ref idref="oc-376"/>
      </symbol>
      <symbol id="sm-724">
         <name>__mspabi_srll_6</name>
         <value>0xdc02</value>
         <object_component_ref idref="oc-376"/>
      </symbol>
      <symbol id="sm-725">
         <name>__mspabi_srll_7</name>
         <value>0xdbfe</value>
         <object_component_ref idref="oc-376"/>
      </symbol>
      <symbol id="sm-726">
         <name>__mspabi_srll_4</name>
         <value>0xdc0a</value>
         <object_component_ref idref="oc-376"/>
      </symbol>
      <symbol id="sm-727">
         <name>__mspabi_srll_5</name>
         <value>0xdc06</value>
         <object_component_ref idref="oc-376"/>
      </symbol>
      <symbol id="sm-728">
         <name>__mspabi_srll_2</name>
         <value>0xdc12</value>
         <object_component_ref idref="oc-376"/>
      </symbol>
      <symbol id="sm-729">
         <name>__mspabi_srll_3</name>
         <value>0xdc0e</value>
         <object_component_ref idref="oc-376"/>
      </symbol>
      <symbol id="sm-72a">
         <name>__mspabi_srll_1</name>
         <value>0xdc16</value>
         <object_component_ref idref="oc-376"/>
      </symbol>
      <symbol id="sm-72b">
         <name>__mspabi_srll_15</name>
         <value>0xdbde</value>
         <object_component_ref idref="oc-376"/>
      </symbol>
      <symbol id="sm-72c">
         <name>__mspabi_srll_14</name>
         <value>0xdbe2</value>
         <object_component_ref idref="oc-376"/>
      </symbol>
      <symbol id="sm-72d">
         <name>__mspabi_srll_13</name>
         <value>0xdbe6</value>
         <object_component_ref idref="oc-376"/>
      </symbol>
      <symbol id="sm-72e">
         <name>__mspabi_srll_12</name>
         <value>0xdbea</value>
         <object_component_ref idref="oc-376"/>
      </symbol>
      <symbol id="sm-72f">
         <name>__mspabi_srll_11</name>
         <value>0xdbee</value>
         <object_component_ref idref="oc-376"/>
      </symbol>
      <symbol id="sm-730">
         <name>__mspabi_srll_10</name>
         <value>0xdbf2</value>
         <object_component_ref idref="oc-376"/>
      </symbol>
      <symbol id="sm-731">
         <name>setvbuf</name>
         <value>0xd10a</value>
         <object_component_ref idref="oc-289"/>
      </symbol>
      <symbol id="sm-732">
         <name>strcpy</name>
         <value>0xe118</value>
         <object_component_ref idref="oc-391"/>
      </symbol>
      <symbol id="sm-733">
         <name>__TI_cleanup</name>
         <value>0xdc90</value>
         <object_component_ref idref="oc-2b8"/>
      </symbol>
      <symbol id="sm-734">
         <name>_sys_memory</name>
         <value>0xc320</value>
         <object_component_ref idref="oc-9d"/>
      </symbol>
      <symbol id="sm-735">
         <name>free</name>
         <value>0xd4c2</value>
         <object_component_ref idref="oc-2ac"/>
      </symbol>
      <symbol id="sm-736">
         <name>malloc</name>
         <value>0xd1d6</value>
         <object_component_ref idref="oc-2b2"/>
      </symbol>
      <symbol id="sm-737">
         <name>minit</name>
         <value>0xdc58</value>
         <object_component_ref idref="oc-2ed"/>
      </symbol>
      <symbol id="sm-738">
         <name>__TI_closefile</name>
         <value>0xd76c</value>
         <object_component_ref idref="oc-2f7"/>
      </symbol>
      <symbol id="sm-73b">
         <name>remove</name>
         <value>0xde94</value>
      </symbol>
   </symbol_table>
   <title>Link successful</title>
</link_info>
